[1.619s] Invoking command in '/home/altair/rplidarA1/ros2_ws/build/altair_robot': PYTHONPATH=/home/altair/rplidarA1/ros2_ws/build/altair_robot/prefix_override:/usr/lib/python3/dist-packages/colcon_core/task/python/colcon_distutils_commands:/home/altair/rplidarA1/ros2_ws/install/altair_robot/lib/python3.10/site-packages:${PYTHONPATH} /usr/bin/python3 -W ignore:setup.py install is deprecated -W ignore:easy_install command is deprecated setup.py develop --uninstall --editable --build-directory /home/altair/rplidarA1/ros2_ws/build/altair_robot/build
[2.354s] running develop
[2.890s] Removing /home/altair/rplidarA1/ros2_ws/install/altair_robot/lib/python3.10/site-packages/altair-robot.egg-link (link to .)
[2.954s] Invoked command in '/home/altair/rplidarA1/ros2_ws/build/altair_robot' returned '0': PYTHONPATH=/home/altair/rplidarA1/ros2_ws/build/altair_robot/prefix_override:/usr/lib/python3/dist-packages/colcon_core/task/python/colcon_distutils_commands:/home/altair/rplidarA1/ros2_ws/install/altair_robot/lib/python3.10/site-packages:${PYTHONPATH} /usr/bin/python3 -W ignore:setup.py install is deprecated -W ignore:easy_install command is deprecated setup.py develop --uninstall --editable --build-directory /home/altair/rplidarA1/ros2_ws/build/altair_robot/build
[2.957s] Invoking command in '/home/altair/rplidarA1/ros2_ws/src/altair_robot': PYTHONPATH=/home/altair/rplidarA1/ros2_ws/build/altair_robot/prefix_override:/usr/lib/python3/dist-packages/colcon_core/task/python/colcon_distutils_commands:/home/altair/rplidarA1/ros2_ws/install/altair_robot/lib/python3.10/site-packages:${PYTHONPATH} /usr/bin/python3 -W ignore:setup.py install is deprecated -W ignore:easy_install command is deprecated setup.py egg_info --egg-base ../../build/altair_robot build --build-base /home/altair/rplidarA1/ros2_ws/build/altair_robot/build install --record /home/altair/rplidarA1/ros2_ws/build/altair_robot/install.log --single-version-externally-managed install_data --force
[3.599s] running egg_info
[3.600s] writing ../../build/altair_robot/altair_robot.egg-info/PKG-INFO
[3.603s] writing dependency_links to ../../build/altair_robot/altair_robot.egg-info/dependency_links.txt
[3.603s] writing entry points to ../../build/altair_robot/altair_robot.egg-info/entry_points.txt
[3.603s] writing requirements to ../../build/altair_robot/altair_robot.egg-info/requires.txt
[3.603s] writing top-level names to ../../build/altair_robot/altair_robot.egg-info/top_level.txt
[3.607s] reading manifest file '../../build/altair_robot/altair_robot.egg-info/SOURCES.txt'
[3.609s] writing manifest file '../../build/altair_robot/altair_robot.egg-info/SOURCES.txt'
[3.610s] running build
[3.610s] running build_py
[3.610s] creating /home/altair/rplidarA1/ros2_ws/build/altair_robot/build
[3.610s] creating /home/altair/rplidarA1/ros2_ws/build/altair_robot/build/lib
[3.611s] creating /home/altair/rplidarA1/ros2_ws/build/altair_robot/build/lib/altair_robot
[3.611s] copying altair_robot/experiment_logger_node.py -> /home/altair/rplidarA1/ros2_ws/build/altair_robot/build/lib/altair_robot
[3.611s] copying altair_robot/spresense_imu_node.py -> /home/altair/rplidarA1/ros2_ws/build/altair_robot/build/lib/altair_robot
[3.611s] copying altair_robot/mdd_can_node.py -> /home/altair/rplidarA1/ros2_ws/build/altair_robot/build/lib/altair_robot
[3.611s] copying altair_robot/websocket_bridge_node.py -> /home/altair/rplidarA1/ros2_ws/build/altair_robot/build/lib/altair_robot
[3.612s] copying altair_robot/__init__.py -> /home/altair/rplidarA1/ros2_ws/build/altair_robot/build/lib/altair_robot
[3.612s] copying altair_robot/map_marker_node.py -> /home/altair/rplidarA1/ros2_ws/build/altair_robot/build/lib/altair_robot
[3.612s] running install
[3.612s] running install_lib
[3.614s] creating /home/altair/rplidarA1/ros2_ws/install/altair_robot/lib/python3.10/site-packages/altair_robot
[3.614s] copying /home/altair/rplidarA1/ros2_ws/build/altair_robot/build/lib/altair_robot/experiment_logger_node.py -> /home/altair/rplidarA1/ros2_ws/install/altair_robot/lib/python3.10/site-packages/altair_robot
[3.615s] copying /home/altair/rplidarA1/ros2_ws/build/altair_robot/build/lib/altair_robot/spresense_imu_node.py -> /home/altair/rplidarA1/ros2_ws/install/altair_robot/lib/python3.10/site-packages/altair_robot
[3.620s] copying /home/altair/rplidarA1/ros2_ws/build/altair_robot/build/lib/altair_robot/mdd_can_node.py -> /home/altair/rplidarA1/ros2_ws/install/altair_robot/lib/python3.10/site-packages/altair_robot
[3.620s] copying /home/altair/rplidarA1/ros2_ws/build/altair_robot/build/lib/altair_robot/websocket_bridge_node.py -> /home/altair/rplidarA1/ros2_ws/install/altair_robot/lib/python3.10/site-packages/altair_robot
[3.620s] copying /home/altair/rplidarA1/ros2_ws/build/altair_robot/build/lib/altair_robot/__init__.py -> /home/altair/rplidarA1/ros2_ws/install/altair_robot/lib/python3.10/site-packages/altair_robot
[3.620s] copying /home/altair/rplidarA1/ros2_ws/build/altair_robot/build/lib/altair_robot/map_marker_node.py -> /home/altair/rplidarA1/ros2_ws/install/altair_robot/lib/python3.10/site-packages/altair_robot
[3.620s] byte-compiling /home/altair/rplidarA1/ros2_ws/install/altair_robot/lib/python3.10/site-packages/altair_robot/experiment_logger_node.py to experiment_logger_node.cpython-310.pyc
[3.621s] byte-compiling /home/altair/rplidarA1/ros2_ws/install/altair_robot/lib/python3.10/site-packages/altair_robot/spresense_imu_node.py to spresense_imu_node.cpython-310.pyc
[3.630s] byte-compiling /home/altair/rplidarA1/ros2_ws/install/altair_robot/lib/python3.10/site-packages/altair_robot/mdd_can_node.py to mdd_can_node.cpython-310.pyc
[3.634s] byte-compiling /home/altair/rplidarA1/ros2_ws/install/altair_robot/lib/python3.10/site-packages/altair_robot/websocket_bridge_node.py to websocket_bridge_node.cpython-310.pyc
[3.645s] byte-compiling /home/altair/rplidarA1/ros2_ws/install/altair_robot/lib/python3.10/site-packages/altair_robot/__init__.py to __init__.cpython-310.pyc
[3.645s] byte-compiling /home/altair/rplidarA1/ros2_ws/install/altair_robot/lib/python3.10/site-packages/altair_robot/map_marker_node.py to map_marker_node.cpython-310.pyc
[3.645s] running install_data
[3.646s] copying resource/altair_robot -> /home/altair/rplidarA1/ros2_ws/install/altair_robot/share/ament_index/resource_index/packages
[3.646s] copying package.xml -> /home/altair/rplidarA1/ros2_ws/install/altair_robot/share/altair_robot
[3.647s] copying launch/robot_drive_launch.py -> /home/altair/rplidarA1/ros2_ws/install/altair_robot/share/altair_robot/launch
[3.647s] copying html/index.html -> /home/altair/rplidarA1/ros2_ws/install/altair_robot/share/altair_robot/html
[3.648s] copying config/robot_drive.rviz -> /home/altair/rplidarA1/ros2_ws/install/altair_robot/share/altair_robot/config
[3.648s] running install_egg_info
[3.652s] Copying ../../build/altair_robot/altair_robot.egg-info to /home/altair/rplidarA1/ros2_ws/install/altair_robot/lib/python3.10/site-packages/altair_robot-0.1.0-py3.10.egg-info
[3.654s] running install_scripts
[3.696s] Installing experiment_logger_node script to /home/altair/rplidarA1/ros2_ws/install/altair_robot/lib/altair_robot
[3.696s] Installing map_marker_node script to /home/altair/rplidarA1/ros2_ws/install/altair_robot/lib/altair_robot
[3.697s] Installing mdd_can_node script to /home/altair/rplidarA1/ros2_ws/install/altair_robot/lib/altair_robot
[3.697s] Installing spresense_imu_node script to /home/altair/rplidarA1/ros2_ws/install/altair_robot/lib/altair_robot
[3.698s] Installing websocket_bridge_node script to /home/altair/rplidarA1/ros2_ws/install/altair_robot/lib/altair_robot
[3.698s] writing list of installed files to '/home/altair/rplidarA1/ros2_ws/build/altair_robot/install.log'
[3.758s] Invoked command in '/home/altair/rplidarA1/ros2_ws/src/altair_robot' returned '0': PYTHONPATH=/home/altair/rplidarA1/ros2_ws/build/altair_robot/prefix_override:/usr/lib/python3/dist-packages/colcon_core/task/python/colcon_distutils_commands:/home/altair/rplidarA1/ros2_ws/install/altair_robot/lib/python3.10/site-packages:${PYTHONPATH} /usr/bin/python3 -W ignore:setup.py install is deprecated -W ignore:easy_install command is deprecated setup.py egg_info --egg-base ../../build/altair_robot build --build-base /home/altair/rplidarA1/ros2_ws/build/altair_robot/build install --record /home/altair/rplidarA1/ros2_ws/build/altair_robot/install.log --single-version-externally-managed install_data --force
