/home/altair/rplidarA1/ros2_ws/install/altair_robot/lib/python3.10/site-packages/altair_robot/experiment_logger_node.py
/home/altair/rplidarA1/ros2_ws/install/altair_robot/lib/python3.10/site-packages/altair_robot/spresense_imu_node.py
/home/altair/rplidarA1/ros2_ws/install/altair_robot/lib/python3.10/site-packages/altair_robot/mdd_can_node.py
/home/altair/rplidarA1/ros2_ws/install/altair_robot/lib/python3.10/site-packages/altair_robot/websocket_bridge_node.py
/home/altair/rplidarA1/ros2_ws/install/altair_robot/lib/python3.10/site-packages/altair_robot/__init__.py
/home/altair/rplidarA1/ros2_ws/install/altair_robot/lib/python3.10/site-packages/altair_robot/map_marker_node.py
/home/altair/rplidarA1/ros2_ws/install/altair_robot/lib/python3.10/site-packages/altair_robot/__pycache__/experiment_logger_node.cpython-310.pyc
/home/altair/rplidarA1/ros2_ws/install/altair_robot/lib/python3.10/site-packages/altair_robot/__pycache__/spresense_imu_node.cpython-310.pyc
/home/altair/rplidarA1/ros2_ws/install/altair_robot/lib/python3.10/site-packages/altair_robot/__pycache__/mdd_can_node.cpython-310.pyc
/home/altair/rplidarA1/ros2_ws/install/altair_robot/lib/python3.10/site-packages/altair_robot/__pycache__/websocket_bridge_node.cpython-310.pyc
/home/altair/rplidarA1/ros2_ws/install/altair_robot/lib/python3.10/site-packages/altair_robot/__pycache__/__init__.cpython-310.pyc
/home/altair/rplidarA1/ros2_ws/install/altair_robot/lib/python3.10/site-packages/altair_robot/__pycache__/map_marker_node.cpython-310.pyc
/home/altair/rplidarA1/ros2_ws/install/altair_robot/share/ament_index/resource_index/packages/altair_robot
/home/altair/rplidarA1/ros2_ws/install/altair_robot/share/altair_robot/package.xml
/home/altair/rplidarA1/ros2_ws/install/altair_robot/share/altair_robot/launch/robot_drive_launch.py
/home/altair/rplidarA1/ros2_ws/install/altair_robot/share/altair_robot/html/index.html
/home/altair/rplidarA1/ros2_ws/install/altair_robot/share/altair_robot/config/robot_drive.rviz
/home/altair/rplidarA1/ros2_ws/install/altair_robot/lib/python3.10/site-packages/altair_robot-0.1.0-py3.10.egg-info/SOURCES.txt
/home/altair/rplidarA1/ros2_ws/install/altair_robot/lib/python3.10/site-packages/altair_robot-0.1.0-py3.10.egg-info/dependency_links.txt
/home/altair/rplidarA1/ros2_ws/install/altair_robot/lib/python3.10/site-packages/altair_robot-0.1.0-py3.10.egg-info/zip-safe
/home/altair/rplidarA1/ros2_ws/install/altair_robot/lib/python3.10/site-packages/altair_robot-0.1.0-py3.10.egg-info/top_level.txt
/home/altair/rplidarA1/ros2_ws/install/altair_robot/lib/python3.10/site-packages/altair_robot-0.1.0-py3.10.egg-info/entry_points.txt
/home/altair/rplidarA1/ros2_ws/install/altair_robot/lib/python3.10/site-packages/altair_robot-0.1.0-py3.10.egg-info/PKG-INFO
/home/altair/rplidarA1/ros2_ws/install/altair_robot/lib/python3.10/site-packages/altair_robot-0.1.0-py3.10.egg-info/requires.txt
/home/altair/rplidarA1/ros2_ws/install/altair_robot/lib/altair_robot/experiment_logger_node
/home/altair/rplidarA1/ros2_ws/install/altair_robot/lib/altair_robot/map_marker_node
/home/altair/rplidarA1/ros2_ws/install/altair_robot/lib/altair_robot/mdd_can_node
/home/altair/rplidarA1/ros2_ws/install/altair_robot/lib/altair_robot/spresense_imu_node
/home/altair/rplidarA1/ros2_ws/install/altair_robot/lib/altair_robot/websocket_bridge_node
