[1.399s] Invoking command in '/home/altair/rplidarA1/build/altair_robot': PYTHONPATH=/home/altair/rplidarA1/build/altair_robot/prefix_override:/usr/lib/python3/dist-packages/colcon_core/task/python/colcon_distutils_commands:/home/altair/rplidarA1/install/altair_robot/lib/python3.10/site-packages:${PYTHONPATH} /usr/bin/python3 -W ignore:setup.py install is deprecated -W ignore:easy_install command is deprecated setup.py develop --editable --build-directory /home/altair/rplidarA1/build/altair_robot/build --no-deps symlink_data
[1.939s] running develop
[2.379s] running egg_info
[2.411s] writing altair_robot.egg-info/PKG-INFO
[2.412s] writing dependency_links to altair_robot.egg-info/dependency_links.txt
[2.412s] writing entry points to altair_robot.egg-info/entry_points.txt
[2.412s] writing requirements to altair_robot.egg-info/requires.txt
[2.412s] writing top-level names to altair_robot.egg-info/top_level.txt
[2.478s] reading manifest file 'altair_robot.egg-info/SOURCES.txt'
[2.486s] writing manifest file 'altair_robot.egg-info/SOURCES.txt'
[2.562s] running build_ext
[2.562s] Creating /home/altair/rplidarA1/install/altair_robot/lib/python3.10/site-packages/altair-robot.egg-link (link to .)
[2.563s] Installing map_marker_node script to /home/altair/rplidarA1/install/altair_robot/lib/altair_robot
[2.564s] Installing mdd_can_node script to /home/altair/rplidarA1/install/altair_robot/lib/altair_robot
[2.568s] Installing websocket_bridge_node script to /home/altair/rplidarA1/install/altair_robot/lib/altair_robot
[2.568s] 
[2.568s] Installed /home/altair/rplidarA1/build/altair_robot
[2.568s] running symlink_data
[2.569s] creating /home/altair/rplidarA1/install/altair_robot/share/altair_robot/config
[2.569s] symbolically linking /home/altair/rplidarA1/build/altair_robot/config/robot_drive.rviz -> /home/altair/rplidarA1/install/altair_robot/share/altair_robot/config
[2.617s] Invoked command in '/home/altair/rplidarA1/build/altair_robot' returned '0': PYTHONPATH=/home/altair/rplidarA1/build/altair_robot/prefix_override:/usr/lib/python3/dist-packages/colcon_core/task/python/colcon_distutils_commands:/home/altair/rplidarA1/install/altair_robot/lib/python3.10/site-packages:${PYTHONPATH} /usr/bin/python3 -W ignore:setup.py install is deprecated -W ignore:easy_install command is deprecated setup.py develop --editable --build-directory /home/altair/rplidarA1/build/altair_robot/build --no-deps symlink_data
