running develop
running egg_info
creating altair_robot.egg-info
writing altair_robot.egg-info/PKG-INFO
writing dependency_links to altair_robot.egg-info/dependency_links.txt
writing entry points to altair_robot.egg-info/entry_points.txt
writing requirements to altair_robot.egg-info/requires.txt
writing top-level names to altair_robot.egg-info/top_level.txt
writing manifest file 'altair_robot.egg-info/SOURCES.txt'
reading manifest file 'altair_robot.egg-info/SOURCES.txt'
writing manifest file 'altair_robot.egg-info/SOURCES.txt'
running build_ext
Creating /home/altair/rplidarA1/ros2_ws/install/altair_robot/lib/python3.10/site-packages/altair-robot.egg-link (link to .)
Installing mdd_can_node script to /home/altair/rplidarA1/ros2_ws/install/altair_robot/lib/altair_robot
Installing websocket_bridge_node script to /home/altair/rplidarA1/ros2_ws/install/altair_robot/lib/altair_robot

Installed /home/altair/rplidarA1/ros2_ws/build/altair_robot
running symlink_data
symbolically linking /home/altair/rplidarA1/ros2_ws/build/altair_robot/resource/altair_robot -> /home/altair/rplidarA1/ros2_ws/install/altair_robot/share/ament_index/resource_index/packages
symbolically linking /home/altair/rplidarA1/ros2_ws/build/altair_robot/package.xml -> /home/altair/rplidarA1/ros2_ws/install/altair_robot/share/altair_robot
symbolically linking /home/altair/rplidarA1/ros2_ws/build/altair_robot/launch/robot_drive_launch.py -> /home/altair/rplidarA1/ros2_ws/install/altair_robot/share/altair_robot/launch
symbolically linking /home/altair/rplidarA1/ros2_ws/build/altair_robot/html/index.html -> /home/altair/rplidarA1/ros2_ws/install/altair_robot/share/altair_robot/html
