[0.145s] DEBUG:colcon:Command line arguments: ['/usr/bin/colcon', 'build', '--packages-select', 'lidar_processing', 'altair_robot', '--symlink-install']
[0.145s] DEBUG:colcon:Parsed command line arguments: Namespace(log_base=None, log_level=None, verb_name='build', build_base='build', install_base='install', merge_install=False, symlink_install=True, test_result_base=None, continue_on_error=False, executor='parallel', parallel_workers=8, event_handlers=None, ignore_user_meta=False, metas=['./colcon.meta'], base_paths=['.'], packages_ignore=None, packages_ignore_regex=None, paths=None, packages_up_to=None, packages_up_to_regex=None, packages_above=None, packages_above_and_dependencies=None, packages_above_depth=None, packages_select_by_dep=None, packages_skip_by_dep=None, packages_skip_up_to=None, packages_select_build_failed=False, packages_skip_build_finished=False, packages_select_test_failures=False, packages_skip_test_passed=False, packages_select=['lidar_processing', 'altair_robot'], packages_skip=None, packages_select_regex=None, packages_skip_regex=None, packages_start=None, packages_end=None, allow_overriding=[], cmake_args=None, cmake_target=None, cmake_target_skip_unavailable=False, cmake_clean_cache=False, cmake_clean_first=False, cmake_force_configure=False, ament_cmake_args=None, catkin_cmake_args=None, catkin_skip_building_tests=False, mixin_files=None, mixin=None, verb_parser=<colcon_mixin.mixin.mixin_argument.MixinArgumentDecorator object at 0x7aeb045af940>, verb_extension=<colcon_core.verb.build.BuildVerb object at 0x7aeb045af400>, main=<bound method BuildVerb.main of <colcon_core.verb.build.BuildVerb object at 0x7aeb045af400>>, mixin_verb=('build',))
[0.191s] Level 1:colcon.colcon_core.package_discovery:discover_packages(colcon_meta) check parameters
[0.192s] Level 1:colcon.colcon_core.package_discovery:discover_packages(recursive) check parameters
[0.192s] Level 1:colcon.colcon_core.package_discovery:discover_packages(ignore) check parameters
[0.192s] Level 1:colcon.colcon_core.package_discovery:discover_packages(path) check parameters
[0.192s] Level 1:colcon.colcon_core.package_discovery:discover_packages(colcon_meta) discover
[0.192s] Level 1:colcon.colcon_core.package_discovery:discover_packages(recursive) discover
[0.192s] INFO:colcon.colcon_core.package_discovery:Crawling recursively for packages in '/home/altair/rplidarA1/ros2_ws'
[0.192s] Level 1:colcon.colcon_core.package_identification:_identify(.) by extensions ['ignore', 'ignore_ament_install']
[0.192s] Level 1:colcon.colcon_core.package_identification:_identify(.) by extension 'ignore'
[0.192s] Level 1:colcon.colcon_core.package_identification:_identify(.) by extension 'ignore_ament_install'
[0.192s] Level 1:colcon.colcon_core.package_identification:_identify(.) by extensions ['colcon_pkg']
[0.192s] Level 1:colcon.colcon_core.package_identification:_identify(.) by extension 'colcon_pkg'
[0.192s] Level 1:colcon.colcon_core.package_identification:_identify(.) by extensions ['colcon_meta']
[0.192s] Level 1:colcon.colcon_core.package_identification:_identify(.) by extension 'colcon_meta'
[0.192s] Level 1:colcon.colcon_core.package_identification:_identify(.) by extensions ['ros']
[0.193s] Level 1:colcon.colcon_core.package_identification:_identify(.) by extension 'ros'
[0.210s] Level 1:colcon.colcon_core.package_identification:_identify(.) by extensions ['cmake', 'python']
[0.210s] Level 1:colcon.colcon_core.package_identification:_identify(.) by extension 'cmake'
[0.210s] Level 1:colcon.colcon_core.package_identification:_identify(.) by extension 'python'
[0.210s] Level 1:colcon.colcon_core.package_identification:_identify(.) by extensions ['python_setup_py']
[0.210s] Level 1:colcon.colcon_core.package_identification:_identify(.) by extension 'python_setup_py'
[0.210s] Level 1:colcon.colcon_core.package_identification:_identify(build) by extensions ['ignore', 'ignore_ament_install']
[0.210s] Level 1:colcon.colcon_core.package_identification:_identify(build) by extension 'ignore'
[0.210s] Level 1:colcon.colcon_core.package_identification:_identify(build) ignored
[0.210s] Level 1:colcon.colcon_core.package_identification:_identify(install) by extensions ['ignore', 'ignore_ament_install']
[0.210s] Level 1:colcon.colcon_core.package_identification:_identify(install) by extension 'ignore'
[0.211s] Level 1:colcon.colcon_core.package_identification:_identify(install) ignored
[0.211s] Level 1:colcon.colcon_core.package_identification:_identify(log) by extensions ['ignore', 'ignore_ament_install']
[0.211s] Level 1:colcon.colcon_core.package_identification:_identify(log) by extension 'ignore'
[0.211s] Level 1:colcon.colcon_core.package_identification:_identify(log) ignored
[0.211s] Level 1:colcon.colcon_core.package_identification:_identify(src) by extensions ['ignore', 'ignore_ament_install']
[0.211s] Level 1:colcon.colcon_core.package_identification:_identify(src) by extension 'ignore'
[0.211s] Level 1:colcon.colcon_core.package_identification:_identify(src) by extension 'ignore_ament_install'
[0.211s] Level 1:colcon.colcon_core.package_identification:_identify(src) by extensions ['colcon_pkg']
[0.211s] Level 1:colcon.colcon_core.package_identification:_identify(src) by extension 'colcon_pkg'
[0.211s] Level 1:colcon.colcon_core.package_identification:_identify(src) by extensions ['colcon_meta']
[0.211s] Level 1:colcon.colcon_core.package_identification:_identify(src) by extension 'colcon_meta'
[0.211s] Level 1:colcon.colcon_core.package_identification:_identify(src) by extensions ['ros']
[0.211s] Level 1:colcon.colcon_core.package_identification:_identify(src) by extension 'ros'
[0.211s] Level 1:colcon.colcon_core.package_identification:_identify(src) by extensions ['cmake', 'python']
[0.211s] Level 1:colcon.colcon_core.package_identification:_identify(src) by extension 'cmake'
[0.212s] Level 1:colcon.colcon_core.package_identification:_identify(src) by extension 'python'
[0.212s] Level 1:colcon.colcon_core.package_identification:_identify(src) by extensions ['python_setup_py']
[0.212s] Level 1:colcon.colcon_core.package_identification:_identify(src) by extension 'python_setup_py'
[0.212s] Level 1:colcon.colcon_core.package_identification:_identify(src/altair_robot) by extensions ['ignore', 'ignore_ament_install']
[0.212s] Level 1:colcon.colcon_core.package_identification:_identify(src/altair_robot) by extension 'ignore'
[0.212s] Level 1:colcon.colcon_core.package_identification:_identify(src/altair_robot) by extension 'ignore_ament_install'
[0.212s] Level 1:colcon.colcon_core.package_identification:_identify(src/altair_robot) by extensions ['colcon_pkg']
[0.212s] Level 1:colcon.colcon_core.package_identification:_identify(src/altair_robot) by extension 'colcon_pkg'
[0.212s] Level 1:colcon.colcon_core.package_identification:_identify(src/altair_robot) by extensions ['colcon_meta']
[0.212s] Level 1:colcon.colcon_core.package_identification:_identify(src/altair_robot) by extension 'colcon_meta'
[0.212s] Level 1:colcon.colcon_core.package_identification:_identify(src/altair_robot) by extensions ['ros']
[0.212s] Level 1:colcon.colcon_core.package_identification:_identify(src/altair_robot) by extension 'ros'
[0.215s] DEBUG:colcon.colcon_core.package_identification:Package 'src/altair_robot' with type 'ros.ament_python' and name 'altair_robot'
[0.215s] Level 1:colcon.colcon_core.package_identification:_identify(src/lidar_processing) by extensions ['ignore', 'ignore_ament_install']
[0.215s] Level 1:colcon.colcon_core.package_identification:_identify(src/lidar_processing) by extension 'ignore'
[0.215s] Level 1:colcon.colcon_core.package_identification:_identify(src/lidar_processing) by extension 'ignore_ament_install'
[0.215s] Level 1:colcon.colcon_core.package_identification:_identify(src/lidar_processing) by extensions ['colcon_pkg']
[0.215s] Level 1:colcon.colcon_core.package_identification:_identify(src/lidar_processing) by extension 'colcon_pkg'
[0.215s] Level 1:colcon.colcon_core.package_identification:_identify(src/lidar_processing) by extensions ['colcon_meta']
[0.215s] Level 1:colcon.colcon_core.package_identification:_identify(src/lidar_processing) by extension 'colcon_meta'
[0.215s] Level 1:colcon.colcon_core.package_identification:_identify(src/lidar_processing) by extensions ['ros']
[0.216s] Level 1:colcon.colcon_core.package_identification:_identify(src/lidar_processing) by extension 'ros'
[0.216s] DEBUG:colcon.colcon_core.package_identification:Package 'src/lidar_processing' with type 'ros.ament_python' and name 'lidar_processing'
[0.217s] Level 1:colcon.colcon_core.package_identification:_identify(src/sllidar_ros2) by extensions ['ignore', 'ignore_ament_install']
[0.217s] Level 1:colcon.colcon_core.package_identification:_identify(src/sllidar_ros2) by extension 'ignore'
[0.217s] Level 1:colcon.colcon_core.package_identification:_identify(src/sllidar_ros2) by extension 'ignore_ament_install'
[0.217s] Level 1:colcon.colcon_core.package_identification:_identify(src/sllidar_ros2) by extensions ['colcon_pkg']
[0.217s] Level 1:colcon.colcon_core.package_identification:_identify(src/sllidar_ros2) by extension 'colcon_pkg'
[0.217s] Level 1:colcon.colcon_core.package_identification:_identify(src/sllidar_ros2) by extensions ['colcon_meta']
[0.217s] Level 1:colcon.colcon_core.package_identification:_identify(src/sllidar_ros2) by extension 'colcon_meta'
[0.217s] Level 1:colcon.colcon_core.package_identification:_identify(src/sllidar_ros2) by extensions ['ros']
[0.217s] Level 1:colcon.colcon_core.package_identification:_identify(src/sllidar_ros2) by extension 'ros'
[0.217s] Level 1:colcon.colcon_core.package_identification:_identify(src/sllidar_ros2) by extensions ['cmake', 'python']
[0.217s] Level 1:colcon.colcon_core.package_identification:_identify(src/sllidar_ros2) by extension 'cmake'
[0.217s] Level 1:colcon.colcon_core.package_identification:_identify(src/sllidar_ros2) by extension 'python'
[0.217s] Level 1:colcon.colcon_core.package_identification:_identify(src/sllidar_ros2) by extensions ['python_setup_py']
[0.217s] Level 1:colcon.colcon_core.package_identification:_identify(src/sllidar_ros2) by extension 'python_setup_py'
[0.217s] Level 1:colcon.colcon_core.package_discovery:discover_packages(recursive) using defaults
[0.217s] Level 1:colcon.colcon_core.package_discovery:discover_packages(ignore) discover
[0.217s] Level 1:colcon.colcon_core.package_discovery:discover_packages(ignore) using defaults
[0.217s] Level 1:colcon.colcon_core.package_discovery:discover_packages(path) discover
[0.217s] Level 1:colcon.colcon_core.package_discovery:discover_packages(path) using defaults
[0.242s] Level 1:colcon.colcon_core.package_discovery:discover_packages(prefix_path) check parameters
[0.242s] Level 1:colcon.colcon_core.package_discovery:discover_packages(prefix_path) discover
[0.245s] DEBUG:colcon.colcon_installed_package_information.package_discovery:Found 342 installed packages in /opt/ros/humble
[0.247s] Level 1:colcon.colcon_core.package_discovery:discover_packages(prefix_path) using defaults
[0.297s] Level 5:colcon.colcon_core.verb:set package 'altair_robot' build argument 'cmake_args' from command line to 'None'
[0.297s] Level 5:colcon.colcon_core.verb:set package 'altair_robot' build argument 'cmake_target' from command line to 'None'
[0.298s] Level 5:colcon.colcon_core.verb:set package 'altair_robot' build argument 'cmake_target_skip_unavailable' from command line to 'False'
[0.298s] Level 5:colcon.colcon_core.verb:set package 'altair_robot' build argument 'cmake_clean_cache' from command line to 'False'
[0.298s] Level 5:colcon.colcon_core.verb:set package 'altair_robot' build argument 'cmake_clean_first' from command line to 'False'
[0.298s] Level 5:colcon.colcon_core.verb:set package 'altair_robot' build argument 'cmake_force_configure' from command line to 'False'
[0.298s] Level 5:colcon.colcon_core.verb:set package 'altair_robot' build argument 'ament_cmake_args' from command line to 'None'
[0.298s] Level 5:colcon.colcon_core.verb:set package 'altair_robot' build argument 'catkin_cmake_args' from command line to 'None'
[0.298s] Level 5:colcon.colcon_core.verb:set package 'altair_robot' build argument 'catkin_skip_building_tests' from command line to 'False'
[0.298s] DEBUG:colcon.colcon_core.verb:Building package 'altair_robot' with the following arguments: {'ament_cmake_args': None, 'build_base': '/home/altair/rplidarA1/ros2_ws/build/altair_robot', 'catkin_cmake_args': None, 'catkin_skip_building_tests': False, 'cmake_args': None, 'cmake_clean_cache': False, 'cmake_clean_first': False, 'cmake_force_configure': False, 'cmake_target': None, 'cmake_target_skip_unavailable': False, 'install_base': '/home/altair/rplidarA1/ros2_ws/install/altair_robot', 'merge_install': False, 'path': '/home/altair/rplidarA1/ros2_ws/src/altair_robot', 'symlink_install': True, 'test_result_base': None}
[0.298s] Level 5:colcon.colcon_core.verb:set package 'lidar_processing' build argument 'cmake_args' from command line to 'None'
[0.298s] Level 5:colcon.colcon_core.verb:set package 'lidar_processing' build argument 'cmake_target' from command line to 'None'
[0.298s] Level 5:colcon.colcon_core.verb:set package 'lidar_processing' build argument 'cmake_target_skip_unavailable' from command line to 'False'
[0.298s] Level 5:colcon.colcon_core.verb:set package 'lidar_processing' build argument 'cmake_clean_cache' from command line to 'False'
[0.298s] Level 5:colcon.colcon_core.verb:set package 'lidar_processing' build argument 'cmake_clean_first' from command line to 'False'
[0.298s] Level 5:colcon.colcon_core.verb:set package 'lidar_processing' build argument 'cmake_force_configure' from command line to 'False'
[0.298s] Level 5:colcon.colcon_core.verb:set package 'lidar_processing' build argument 'ament_cmake_args' from command line to 'None'
[0.298s] Level 5:colcon.colcon_core.verb:set package 'lidar_processing' build argument 'catkin_cmake_args' from command line to 'None'
[0.298s] Level 5:colcon.colcon_core.verb:set package 'lidar_processing' build argument 'catkin_skip_building_tests' from command line to 'False'
[0.298s] DEBUG:colcon.colcon_core.verb:Building package 'lidar_processing' with the following arguments: {'ament_cmake_args': None, 'build_base': '/home/altair/rplidarA1/ros2_ws/build/lidar_processing', 'catkin_cmake_args': None, 'catkin_skip_building_tests': False, 'cmake_args': None, 'cmake_clean_cache': False, 'cmake_clean_first': False, 'cmake_force_configure': False, 'cmake_target': None, 'cmake_target_skip_unavailable': False, 'install_base': '/home/altair/rplidarA1/ros2_ws/install/lidar_processing', 'merge_install': False, 'path': '/home/altair/rplidarA1/ros2_ws/src/lidar_processing', 'symlink_install': True, 'test_result_base': None}
[0.299s] INFO:colcon.colcon_core.executor:Executing jobs using 'parallel' executor
[0.299s] DEBUG:colcon.colcon_parallel_executor.executor.parallel:run_until_complete
[0.300s] INFO:colcon.colcon_ros.task.ament_python.build:Building ROS package in '/home/altair/rplidarA1/ros2_ws/src/altair_robot' with build type 'ament_python'
[0.300s] Level 1:colcon.colcon_core.shell:create_environment_hook('altair_robot', 'ament_prefix_path')
[0.302s] INFO:colcon.colcon_core.plugin_system:Skipping extension 'colcon_core.shell.bat': Not used on non-Windows systems
[0.302s] INFO:colcon.colcon_core.shell:Creating environment hook '/home/altair/rplidarA1/ros2_ws/install/altair_robot/share/altair_robot/hook/ament_prefix_path.ps1'
[0.303s] INFO:colcon.colcon_core.shell:Creating environment descriptor '/home/altair/rplidarA1/ros2_ws/install/altair_robot/share/altair_robot/hook/ament_prefix_path.dsv'
[0.303s] INFO:colcon.colcon_core.shell:Creating environment hook '/home/altair/rplidarA1/ros2_ws/install/altair_robot/share/altair_robot/hook/ament_prefix_path.sh'
[0.304s] INFO:colcon.colcon_core.shell:Skip shell extension 'powershell' for command environment: Not usable outside of PowerShell
[0.304s] DEBUG:colcon.colcon_core.shell:Skip shell extension 'dsv' for command environment
[0.309s] INFO:colcon.colcon_ros.task.ament_python.build:Building ROS package in '/home/altair/rplidarA1/ros2_ws/src/lidar_processing' with build type 'ament_python'
[0.309s] Level 1:colcon.colcon_core.shell:create_environment_hook('lidar_processing', 'ament_prefix_path')
[0.310s] INFO:colcon.colcon_core.shell:Creating environment hook '/home/altair/rplidarA1/ros2_ws/install/lidar_processing/share/lidar_processing/hook/ament_prefix_path.ps1'
[0.311s] INFO:colcon.colcon_core.shell:Creating environment descriptor '/home/altair/rplidarA1/ros2_ws/install/lidar_processing/share/lidar_processing/hook/ament_prefix_path.dsv'
[0.311s] INFO:colcon.colcon_core.shell:Creating environment hook '/home/altair/rplidarA1/ros2_ws/install/lidar_processing/share/lidar_processing/hook/ament_prefix_path.sh'
[0.312s] INFO:colcon.colcon_core.shell:Skip shell extension 'powershell' for command environment: Not usable outside of PowerShell
[0.312s] DEBUG:colcon.colcon_core.shell:Skip shell extension 'dsv' for command environment
[0.636s] INFO:colcon.colcon_core.task.python.build:Building Python package in '/home/altair/rplidarA1/ros2_ws/src/altair_robot'
[0.636s] INFO:colcon.colcon_core.shell:Skip shell extension 'powershell' for command environment: Not usable outside of PowerShell
[0.637s] DEBUG:colcon.colcon_core.shell:Skip shell extension 'dsv' for command environment
[0.948s] INFO:colcon.colcon_core.task.python.build:Building Python package in '/home/altair/rplidarA1/ros2_ws/src/lidar_processing'
[0.948s] INFO:colcon.colcon_core.shell:Skip shell extension 'powershell' for command environment: Not usable outside of PowerShell
[0.948s] DEBUG:colcon.colcon_core.shell:Skip shell extension 'dsv' for command environment
[2.025s] DEBUG:colcon.colcon_core.event_handler.log_command:Invoking command in '/home/altair/rplidarA1/ros2_ws/build/lidar_processing': PYTHONPATH=/home/altair/rplidarA1/ros2_ws/build/lidar_processing/prefix_override:/usr/lib/python3/dist-packages/colcon_core/task/python/colcon_distutils_commands:/home/altair/rplidarA1/ros2_ws/install/lidar_processing/lib/python3.10/site-packages:${PYTHONPATH} /usr/bin/python3 -W ignore:setup.py install is deprecated -W ignore:easy_install command is deprecated setup.py develop --editable --build-directory /home/altair/rplidarA1/ros2_ws/build/lidar_processing/build --no-deps symlink_data
[2.030s] DEBUG:colcon.colcon_core.event_handler.log_command:Invoking command in '/home/altair/rplidarA1/ros2_ws/build/altair_robot': PYTHONPATH=/home/altair/rplidarA1/ros2_ws/build/altair_robot/prefix_override:/usr/lib/python3/dist-packages/colcon_core/task/python/colcon_distutils_commands:/home/altair/rplidarA1/ros2_ws/install/altair_robot/lib/python3.10/site-packages:${PYTHONPATH} /usr/bin/python3 -W ignore:setup.py install is deprecated -W ignore:easy_install command is deprecated setup.py develop --editable --build-directory /home/altair/rplidarA1/ros2_ws/build/altair_robot/build --no-deps symlink_data
[3.248s] Level 1:colcon.colcon_core.shell:create_environment_hook('lidar_processing', 'pythonpath_develop')
[3.249s] INFO:colcon.colcon_core.shell:Creating environment hook '/home/altair/rplidarA1/ros2_ws/build/lidar_processing/share/lidar_processing/hook/pythonpath_develop.ps1'
[3.249s] DEBUG:colcon.colcon_core.event_handler.log_command:Invoked command in '/home/altair/rplidarA1/ros2_ws/build/lidar_processing' returned '0': PYTHONPATH=/home/altair/rplidarA1/ros2_ws/build/lidar_processing/prefix_override:/usr/lib/python3/dist-packages/colcon_core/task/python/colcon_distutils_commands:/home/altair/rplidarA1/ros2_ws/install/lidar_processing/lib/python3.10/site-packages:${PYTHONPATH} /usr/bin/python3 -W ignore:setup.py install is deprecated -W ignore:easy_install command is deprecated setup.py develop --editable --build-directory /home/altair/rplidarA1/ros2_ws/build/lidar_processing/build --no-deps symlink_data
[3.250s] INFO:colcon.colcon_core.shell:Creating environment descriptor '/home/altair/rplidarA1/ros2_ws/build/lidar_processing/share/lidar_processing/hook/pythonpath_develop.dsv'
[3.251s] INFO:colcon.colcon_core.shell:Creating environment hook '/home/altair/rplidarA1/ros2_ws/build/lidar_processing/share/lidar_processing/hook/pythonpath_develop.sh'
[3.254s] Level 1:colcon.colcon_core.environment:checking '/home/altair/rplidarA1/ros2_ws/install/lidar_processing' for CMake module files
[3.254s] Level 1:colcon.colcon_core.environment:checking '/home/altair/rplidarA1/ros2_ws/install/lidar_processing' for CMake config files
[3.255s] Level 1:colcon.colcon_core.environment:checking '/home/altair/rplidarA1/ros2_ws/install/lidar_processing/lib'
[3.256s] Level 1:colcon.colcon_core.environment:checking '/home/altair/rplidarA1/ros2_ws/install/lidar_processing/bin'
[3.256s] Level 1:colcon.colcon_core.environment:checking '/home/altair/rplidarA1/ros2_ws/install/lidar_processing/lib/pkgconfig/lidar_processing.pc'
[3.256s] Level 1:colcon.colcon_core.environment:checking '/home/altair/rplidarA1/ros2_ws/install/lidar_processing/lib/python3.10/site-packages'
[3.256s] Level 1:colcon.colcon_core.shell:create_environment_hook('lidar_processing', 'pythonpath')
[3.256s] INFO:colcon.colcon_core.shell:Creating environment hook '/home/altair/rplidarA1/ros2_ws/install/lidar_processing/share/lidar_processing/hook/pythonpath.ps1'
[3.257s] INFO:colcon.colcon_core.shell:Creating environment descriptor '/home/altair/rplidarA1/ros2_ws/install/lidar_processing/share/lidar_processing/hook/pythonpath.dsv'
[3.257s] INFO:colcon.colcon_core.shell:Creating environment hook '/home/altair/rplidarA1/ros2_ws/install/lidar_processing/share/lidar_processing/hook/pythonpath.sh'
[3.258s] Level 1:colcon.colcon_core.environment:checking '/home/altair/rplidarA1/ros2_ws/install/lidar_processing/bin'
[3.258s] Level 1:colcon.colcon_core.environment:create_environment_scripts_only(lidar_processing)
[3.259s] INFO:colcon.colcon_core.shell:Creating package script '/home/altair/rplidarA1/ros2_ws/install/lidar_processing/share/lidar_processing/package.ps1'
[3.260s] INFO:colcon.colcon_core.shell:Creating package descriptor '/home/altair/rplidarA1/ros2_ws/install/lidar_processing/share/lidar_processing/package.dsv'
[3.261s] INFO:colcon.colcon_core.shell:Creating package script '/home/altair/rplidarA1/ros2_ws/install/lidar_processing/share/lidar_processing/package.sh'
[3.262s] INFO:colcon.colcon_core.shell:Creating package script '/home/altair/rplidarA1/ros2_ws/install/lidar_processing/share/lidar_processing/package.bash'
[3.262s] INFO:colcon.colcon_core.shell:Creating package script '/home/altair/rplidarA1/ros2_ws/install/lidar_processing/share/lidar_processing/package.zsh'
[3.263s] Level 1:colcon.colcon_core.environment:create_file_with_runtime_dependencies(/home/altair/rplidarA1/ros2_ws/install/lidar_processing/share/colcon-core/packages/lidar_processing)
[3.265s] Level 1:colcon.colcon_core.shell:create_environment_hook('altair_robot', 'pythonpath_develop')
[3.266s] INFO:colcon.colcon_core.shell:Creating environment hook '/home/altair/rplidarA1/ros2_ws/build/altair_robot/share/altair_robot/hook/pythonpath_develop.ps1'
[3.267s] DEBUG:colcon.colcon_core.event_handler.log_command:Invoked command in '/home/altair/rplidarA1/ros2_ws/build/altair_robot' returned '0': PYTHONPATH=/home/altair/rplidarA1/ros2_ws/build/altair_robot/prefix_override:/usr/lib/python3/dist-packages/colcon_core/task/python/colcon_distutils_commands:/home/altair/rplidarA1/ros2_ws/install/altair_robot/lib/python3.10/site-packages:${PYTHONPATH} /usr/bin/python3 -W ignore:setup.py install is deprecated -W ignore:easy_install command is deprecated setup.py develop --editable --build-directory /home/altair/rplidarA1/ros2_ws/build/altair_robot/build --no-deps symlink_data
[3.267s] INFO:colcon.colcon_core.shell:Creating environment descriptor '/home/altair/rplidarA1/ros2_ws/build/altair_robot/share/altair_robot/hook/pythonpath_develop.dsv'
[3.268s] INFO:colcon.colcon_core.shell:Creating environment hook '/home/altair/rplidarA1/ros2_ws/build/altair_robot/share/altair_robot/hook/pythonpath_develop.sh'
[3.269s] Level 1:colcon.colcon_core.environment:checking '/home/altair/rplidarA1/ros2_ws/install/altair_robot' for CMake module files
[3.269s] Level 1:colcon.colcon_core.environment:checking '/home/altair/rplidarA1/ros2_ws/install/altair_robot' for CMake config files
[3.270s] Level 1:colcon.colcon_core.environment:checking '/home/altair/rplidarA1/ros2_ws/install/altair_robot/lib'
[3.270s] Level 1:colcon.colcon_core.environment:checking '/home/altair/rplidarA1/ros2_ws/install/altair_robot/bin'
[3.271s] Level 1:colcon.colcon_core.environment:checking '/home/altair/rplidarA1/ros2_ws/install/altair_robot/lib/pkgconfig/altair_robot.pc'
[3.271s] Level 1:colcon.colcon_core.environment:checking '/home/altair/rplidarA1/ros2_ws/install/altair_robot/lib/python3.10/site-packages'
[3.271s] Level 1:colcon.colcon_core.shell:create_environment_hook('altair_robot', 'pythonpath')
[3.271s] INFO:colcon.colcon_core.shell:Creating environment hook '/home/altair/rplidarA1/ros2_ws/install/altair_robot/share/altair_robot/hook/pythonpath.ps1'
[3.272s] INFO:colcon.colcon_core.shell:Creating environment descriptor '/home/altair/rplidarA1/ros2_ws/install/altair_robot/share/altair_robot/hook/pythonpath.dsv'
[3.272s] INFO:colcon.colcon_core.shell:Creating environment hook '/home/altair/rplidarA1/ros2_ws/install/altair_robot/share/altair_robot/hook/pythonpath.sh'
[3.273s] Level 1:colcon.colcon_core.environment:checking '/home/altair/rplidarA1/ros2_ws/install/altair_robot/bin'
[3.273s] Level 1:colcon.colcon_core.environment:create_environment_scripts_only(altair_robot)
[3.274s] INFO:colcon.colcon_core.shell:Creating package script '/home/altair/rplidarA1/ros2_ws/install/altair_robot/share/altair_robot/package.ps1'
[3.275s] INFO:colcon.colcon_core.shell:Creating package descriptor '/home/altair/rplidarA1/ros2_ws/install/altair_robot/share/altair_robot/package.dsv'
[3.275s] INFO:colcon.colcon_core.shell:Creating package script '/home/altair/rplidarA1/ros2_ws/install/altair_robot/share/altair_robot/package.sh'
[3.276s] INFO:colcon.colcon_core.shell:Creating package script '/home/altair/rplidarA1/ros2_ws/install/altair_robot/share/altair_robot/package.bash'
[3.276s] INFO:colcon.colcon_core.shell:Creating package script '/home/altair/rplidarA1/ros2_ws/install/altair_robot/share/altair_robot/package.zsh'
[3.277s] Level 1:colcon.colcon_core.environment:create_file_with_runtime_dependencies(/home/altair/rplidarA1/ros2_ws/install/altair_robot/share/colcon-core/packages/altair_robot)
[3.277s] DEBUG:colcon.colcon_parallel_executor.executor.parallel:closing loop
[3.277s] DEBUG:colcon.colcon_parallel_executor.executor.parallel:loop closed
[3.278s] DEBUG:colcon.colcon_parallel_executor.executor.parallel:run_until_complete finished with '0'
[3.278s] DEBUG:colcon.colcon_core.event_reactor:joining thread
[3.283s] INFO:colcon.colcon_core.plugin_system:Skipping extension 'colcon_notification.desktop_notification.terminal_notifier': Not used on non-Darwin systems
[3.284s] INFO:colcon.colcon_core.plugin_system:Skipping extension 'colcon_notification.desktop_notification.win32': Not used on non-Windows systems
[3.284s] INFO:colcon.colcon_notification.desktop_notification:Sending desktop notification using 'notify2'
[3.297s] DEBUG:colcon.colcon_core.event_reactor:joined thread
[3.297s] INFO:colcon.colcon_core.shell:Creating prefix script '/home/altair/rplidarA1/ros2_ws/install/local_setup.ps1'
[3.298s] INFO:colcon.colcon_core.shell:Creating prefix util module '/home/altair/rplidarA1/ros2_ws/install/_local_setup_util_ps1.py'
[3.300s] INFO:colcon.colcon_core.shell:Creating prefix chain script '/home/altair/rplidarA1/ros2_ws/install/setup.ps1'
[3.302s] INFO:colcon.colcon_core.shell:Creating prefix script '/home/altair/rplidarA1/ros2_ws/install/local_setup.sh'
[3.303s] INFO:colcon.colcon_core.shell:Creating prefix util module '/home/altair/rplidarA1/ros2_ws/install/_local_setup_util_sh.py'
[3.314s] INFO:colcon.colcon_core.shell:Creating prefix chain script '/home/altair/rplidarA1/ros2_ws/install/setup.sh'
[3.316s] INFO:colcon.colcon_core.shell:Creating prefix script '/home/altair/rplidarA1/ros2_ws/install/local_setup.bash'
[3.316s] INFO:colcon.colcon_core.shell:Creating prefix chain script '/home/altair/rplidarA1/ros2_ws/install/setup.bash'
[3.318s] INFO:colcon.colcon_core.shell:Creating prefix script '/home/altair/rplidarA1/ros2_ws/install/local_setup.zsh'
[3.319s] INFO:colcon.colcon_core.shell:Creating prefix chain script '/home/altair/rplidarA1/ros2_ws/install/setup.zsh'
