[0.097s] DEBUG:colcon:Command line arguments: ['/usr/bin/colcon', 'build', '--symlink-install']
[0.097s] DEBUG:colcon:Parsed command line arguments: Namespace(log_base=None, log_level=None, verb_name='build', build_base='build', install_base='install', merge_install=False, symlink_install=True, test_result_base=None, continue_on_error=False, executor='parallel', parallel_workers=16, event_handlers=None, ignore_user_meta=False, metas=['./colcon.meta'], base_paths=['.'], packages_ignore=None, packages_ignore_regex=None, paths=None, packages_up_to=None, packages_up_to_regex=None, packages_above=None, packages_above_and_dependencies=None, packages_above_depth=None, packages_select_by_dep=None, packages_skip_by_dep=None, packages_skip_up_to=None, packages_select_build_failed=False, packages_skip_build_finished=False, packages_select_test_failures=False, packages_skip_test_passed=False, packages_select=None, packages_skip=None, packages_select_regex=None, packages_skip_regex=None, packages_start=None, packages_end=None, allow_overriding=[], cmake_args=None, cmake_target=None, cmake_target_skip_unavailable=False, cmake_clean_cache=False, cmake_clean_first=False, cmake_force_configure=False, ament_cmake_args=None, catkin_cmake_args=None, catkin_skip_building_tests=False, verb_parser=<colcon_defaults.argument_parser.defaults.DefaultArgumentsDecorator object at 0x7cbfcda8d990>, verb_extension=<colcon_core.verb.build.BuildVerb object at 0x7cbfcdbbf070>, main=<bound method BuildVerb.main of <colcon_core.verb.build.BuildVerb object at 0x7cbfcdbbf070>>)
[0.129s] Level 1:colcon.colcon_core.package_discovery:discover_packages(colcon_meta) check parameters
[0.129s] Level 1:colcon.colcon_core.package_discovery:discover_packages(recursive) check parameters
[0.129s] Level 1:colcon.colcon_core.package_discovery:discover_packages(ignore) check parameters
[0.129s] Level 1:colcon.colcon_core.package_discovery:discover_packages(path) check parameters
[0.129s] Level 1:colcon.colcon_core.package_discovery:discover_packages(colcon_meta) discover
[0.129s] Level 1:colcon.colcon_core.package_discovery:discover_packages(recursive) discover
[0.129s] INFO:colcon.colcon_core.package_discovery:Crawling recursively for packages in '/home/altair/rplidarA1'
[0.129s] Level 1:colcon.colcon_core.package_identification:_identify(.) by extensions ['ignore', 'ignore_ament_install']
[0.129s] Level 1:colcon.colcon_core.package_identification:_identify(.) by extension 'ignore'
[0.129s] Level 1:colcon.colcon_core.package_identification:_identify(.) by extension 'ignore_ament_install'
[0.129s] Level 1:colcon.colcon_core.package_identification:_identify(.) by extensions ['colcon_pkg']
[0.129s] Level 1:colcon.colcon_core.package_identification:_identify(.) by extension 'colcon_pkg'
[0.129s] Level 1:colcon.colcon_core.package_identification:_identify(.) by extensions ['colcon_meta']
[0.129s] Level 1:colcon.colcon_core.package_identification:_identify(.) by extension 'colcon_meta'
[0.129s] Level 1:colcon.colcon_core.package_identification:_identify(.) by extensions ['ros']
[0.129s] Level 1:colcon.colcon_core.package_identification:_identify(.) by extension 'ros'
[0.155s] Level 1:colcon.colcon_core.package_identification:_identify(.) by extensions ['cmake', 'python']
[0.155s] Level 1:colcon.colcon_core.package_identification:_identify(.) by extension 'cmake'
[0.155s] Level 1:colcon.colcon_core.package_identification:_identify(.) by extension 'python'
[0.155s] Level 1:colcon.colcon_core.package_identification:_identify(.) by extensions ['python_setup_py']
[0.155s] Level 1:colcon.colcon_core.package_identification:_identify(.) by extension 'python_setup_py'
[0.155s] Level 1:colcon.colcon_core.package_identification:_identify(build) by extensions ['ignore', 'ignore_ament_install']
[0.155s] Level 1:colcon.colcon_core.package_identification:_identify(build) by extension 'ignore'
[0.155s] Level 1:colcon.colcon_core.package_identification:_identify(build) ignored
[0.155s] Level 1:colcon.colcon_core.package_identification:_identify(install) by extensions ['ignore', 'ignore_ament_install']
[0.155s] Level 1:colcon.colcon_core.package_identification:_identify(install) by extension 'ignore'
[0.155s] Level 1:colcon.colcon_core.package_identification:_identify(install) ignored
[0.155s] Level 1:colcon.colcon_core.package_identification:_identify(log) by extensions ['ignore', 'ignore_ament_install']
[0.155s] Level 1:colcon.colcon_core.package_identification:_identify(log) by extension 'ignore'
[0.156s] Level 1:colcon.colcon_core.package_identification:_identify(log) ignored
[0.156s] Level 1:colcon.colcon_core.package_identification:_identify(ros2_ws) by extensions ['ignore', 'ignore_ament_install']
[0.156s] Level 1:colcon.colcon_core.package_identification:_identify(ros2_ws) by extension 'ignore'
[0.156s] Level 1:colcon.colcon_core.package_identification:_identify(ros2_ws) by extension 'ignore_ament_install'
[0.156s] Level 1:colcon.colcon_core.package_identification:_identify(ros2_ws) by extensions ['colcon_pkg']
[0.156s] Level 1:colcon.colcon_core.package_identification:_identify(ros2_ws) by extension 'colcon_pkg'
[0.156s] Level 1:colcon.colcon_core.package_identification:_identify(ros2_ws) by extensions ['colcon_meta']
[0.156s] Level 1:colcon.colcon_core.package_identification:_identify(ros2_ws) by extension 'colcon_meta'
[0.156s] Level 1:colcon.colcon_core.package_identification:_identify(ros2_ws) by extensions ['ros']
[0.156s] Level 1:colcon.colcon_core.package_identification:_identify(ros2_ws) by extension 'ros'
[0.156s] Level 1:colcon.colcon_core.package_identification:_identify(ros2_ws) by extensions ['cmake', 'python']
[0.156s] Level 1:colcon.colcon_core.package_identification:_identify(ros2_ws) by extension 'cmake'
[0.156s] Level 1:colcon.colcon_core.package_identification:_identify(ros2_ws) by extension 'python'
[0.156s] Level 1:colcon.colcon_core.package_identification:_identify(ros2_ws) by extensions ['python_setup_py']
[0.156s] Level 1:colcon.colcon_core.package_identification:_identify(ros2_ws) by extension 'python_setup_py'
[0.156s] Level 1:colcon.colcon_core.package_identification:_identify(ros2_ws/build) by extensions ['ignore', 'ignore_ament_install']
[0.156s] Level 1:colcon.colcon_core.package_identification:_identify(ros2_ws/build) by extension 'ignore'
[0.156s] Level 1:colcon.colcon_core.package_identification:_identify(ros2_ws/build) ignored
[0.156s] Level 1:colcon.colcon_core.package_identification:_identify(ros2_ws/install) by extensions ['ignore', 'ignore_ament_install']
[0.156s] Level 1:colcon.colcon_core.package_identification:_identify(ros2_ws/install) by extension 'ignore'
[0.156s] Level 1:colcon.colcon_core.package_identification:_identify(ros2_ws/install) ignored
[0.156s] Level 1:colcon.colcon_core.package_identification:_identify(ros2_ws/log) by extensions ['ignore', 'ignore_ament_install']
[0.156s] Level 1:colcon.colcon_core.package_identification:_identify(ros2_ws/log) by extension 'ignore'
[0.156s] Level 1:colcon.colcon_core.package_identification:_identify(ros2_ws/log) ignored
[0.156s] Level 1:colcon.colcon_core.package_identification:_identify(ros2_ws/src) by extensions ['ignore', 'ignore_ament_install']
[0.157s] Level 1:colcon.colcon_core.package_identification:_identify(ros2_ws/src) by extension 'ignore'
[0.157s] Level 1:colcon.colcon_core.package_identification:_identify(ros2_ws/src) by extension 'ignore_ament_install'
[0.157s] Level 1:colcon.colcon_core.package_identification:_identify(ros2_ws/src) by extensions ['colcon_pkg']
[0.157s] Level 1:colcon.colcon_core.package_identification:_identify(ros2_ws/src) by extension 'colcon_pkg'
[0.157s] Level 1:colcon.colcon_core.package_identification:_identify(ros2_ws/src) by extensions ['colcon_meta']
[0.157s] Level 1:colcon.colcon_core.package_identification:_identify(ros2_ws/src) by extension 'colcon_meta'
[0.157s] Level 1:colcon.colcon_core.package_identification:_identify(ros2_ws/src) by extensions ['ros']
[0.157s] Level 1:colcon.colcon_core.package_identification:_identify(ros2_ws/src) by extension 'ros'
[0.157s] Level 1:colcon.colcon_core.package_identification:_identify(ros2_ws/src) by extensions ['cmake', 'python']
[0.157s] Level 1:colcon.colcon_core.package_identification:_identify(ros2_ws/src) by extension 'cmake'
[0.157s] Level 1:colcon.colcon_core.package_identification:_identify(ros2_ws/src) by extension 'python'
[0.157s] Level 1:colcon.colcon_core.package_identification:_identify(ros2_ws/src) by extensions ['python_setup_py']
[0.157s] Level 1:colcon.colcon_core.package_identification:_identify(ros2_ws/src) by extension 'python_setup_py'
[0.157s] Level 1:colcon.colcon_core.package_identification:_identify(ros2_ws/src/altair_robot) by extensions ['ignore', 'ignore_ament_install']
[0.157s] Level 1:colcon.colcon_core.package_identification:_identify(ros2_ws/src/altair_robot) by extension 'ignore'
[0.157s] Level 1:colcon.colcon_core.package_identification:_identify(ros2_ws/src/altair_robot) by extension 'ignore_ament_install'
[0.157s] Level 1:colcon.colcon_core.package_identification:_identify(ros2_ws/src/altair_robot) by extensions ['colcon_pkg']
[0.157s] Level 1:colcon.colcon_core.package_identification:_identify(ros2_ws/src/altair_robot) by extension 'colcon_pkg'
[0.157s] Level 1:colcon.colcon_core.package_identification:_identify(ros2_ws/src/altair_robot) by extensions ['colcon_meta']
[0.157s] Level 1:colcon.colcon_core.package_identification:_identify(ros2_ws/src/altair_robot) by extension 'colcon_meta'
[0.157s] Level 1:colcon.colcon_core.package_identification:_identify(ros2_ws/src/altair_robot) by extensions ['ros']
[0.157s] Level 1:colcon.colcon_core.package_identification:_identify(ros2_ws/src/altair_robot) by extension 'ros'
[0.159s] DEBUG:colcon.colcon_core.package_identification:Package 'ros2_ws/src/altair_robot' with type 'ros.ament_python' and name 'altair_robot'
[0.160s] Level 1:colcon.colcon_core.package_identification:_identify(ros2_ws/src/lidar_processing) by extensions ['ignore', 'ignore_ament_install']
[0.160s] Level 1:colcon.colcon_core.package_identification:_identify(ros2_ws/src/lidar_processing) by extension 'ignore'
[0.160s] Level 1:colcon.colcon_core.package_identification:_identify(ros2_ws/src/lidar_processing) by extension 'ignore_ament_install'
[0.160s] Level 1:colcon.colcon_core.package_identification:_identify(ros2_ws/src/lidar_processing) by extensions ['colcon_pkg']
[0.160s] Level 1:colcon.colcon_core.package_identification:_identify(ros2_ws/src/lidar_processing) by extension 'colcon_pkg'
[0.160s] Level 1:colcon.colcon_core.package_identification:_identify(ros2_ws/src/lidar_processing) by extensions ['colcon_meta']
[0.160s] Level 1:colcon.colcon_core.package_identification:_identify(ros2_ws/src/lidar_processing) by extension 'colcon_meta'
[0.160s] Level 1:colcon.colcon_core.package_identification:_identify(ros2_ws/src/lidar_processing) by extensions ['ros']
[0.160s] Level 1:colcon.colcon_core.package_identification:_identify(ros2_ws/src/lidar_processing) by extension 'ros'
[0.161s] DEBUG:colcon.colcon_core.package_identification:Package 'ros2_ws/src/lidar_processing' with type 'ros.ament_python' and name 'lidar_processing'
[0.161s] Level 1:colcon.colcon_core.package_identification:_identify(ros2_ws/src/sllidar_ros2) by extensions ['ignore', 'ignore_ament_install']
[0.161s] Level 1:colcon.colcon_core.package_identification:_identify(ros2_ws/src/sllidar_ros2) by extension 'ignore'
[0.161s] Level 1:colcon.colcon_core.package_identification:_identify(ros2_ws/src/sllidar_ros2) by extension 'ignore_ament_install'
[0.161s] Level 1:colcon.colcon_core.package_identification:_identify(ros2_ws/src/sllidar_ros2) by extensions ['colcon_pkg']
[0.161s] Level 1:colcon.colcon_core.package_identification:_identify(ros2_ws/src/sllidar_ros2) by extension 'colcon_pkg'
[0.161s] Level 1:colcon.colcon_core.package_identification:_identify(ros2_ws/src/sllidar_ros2) by extensions ['colcon_meta']
[0.161s] Level 1:colcon.colcon_core.package_identification:_identify(ros2_ws/src/sllidar_ros2) by extension 'colcon_meta'
[0.161s] Level 1:colcon.colcon_core.package_identification:_identify(ros2_ws/src/sllidar_ros2) by extensions ['ros']
[0.161s] Level 1:colcon.colcon_core.package_identification:_identify(ros2_ws/src/sllidar_ros2) by extension 'ros'
[0.161s] DEBUG:colcon.colcon_core.package_identification:Package 'ros2_ws/src/sllidar_ros2' with type 'ros.ament_cmake' and name 'sllidar_ros2'
[0.161s] Level 1:colcon.colcon_core.package_discovery:discover_packages(recursive) using defaults
[0.162s] Level 1:colcon.colcon_core.package_discovery:discover_packages(ignore) discover
[0.162s] Level 1:colcon.colcon_core.package_discovery:discover_packages(ignore) using defaults
[0.162s] Level 1:colcon.colcon_core.package_discovery:discover_packages(path) discover
[0.162s] Level 1:colcon.colcon_core.package_discovery:discover_packages(path) using defaults
[0.180s] Level 1:colcon.colcon_core.package_discovery:discover_packages(prefix_path) check parameters
[0.180s] Level 1:colcon.colcon_core.package_discovery:discover_packages(prefix_path) discover
[0.182s] DEBUG:colcon.colcon_installed_package_information.package_discovery:Found 3 installed packages in /home/altair/rplidarA1/ros2_ws/install
[0.183s] DEBUG:colcon.colcon_installed_package_information.package_discovery:Found 287 installed packages in /opt/ros/humble
[0.184s] Level 1:colcon.colcon_core.package_discovery:discover_packages(prefix_path) using defaults
[0.227s] Level 5:colcon.colcon_core.verb:set package 'altair_robot' build argument 'cmake_args' from command line to 'None'
[0.227s] Level 5:colcon.colcon_core.verb:set package 'altair_robot' build argument 'cmake_target' from command line to 'None'
[0.227s] Level 5:colcon.colcon_core.verb:set package 'altair_robot' build argument 'cmake_target_skip_unavailable' from command line to 'False'
[0.227s] Level 5:colcon.colcon_core.verb:set package 'altair_robot' build argument 'cmake_clean_cache' from command line to 'False'
[0.227s] Level 5:colcon.colcon_core.verb:set package 'altair_robot' build argument 'cmake_clean_first' from command line to 'False'
[0.227s] Level 5:colcon.colcon_core.verb:set package 'altair_robot' build argument 'cmake_force_configure' from command line to 'False'
[0.227s] Level 5:colcon.colcon_core.verb:set package 'altair_robot' build argument 'ament_cmake_args' from command line to 'None'
[0.227s] Level 5:colcon.colcon_core.verb:set package 'altair_robot' build argument 'catkin_cmake_args' from command line to 'None'
[0.227s] Level 5:colcon.colcon_core.verb:set package 'altair_robot' build argument 'catkin_skip_building_tests' from command line to 'False'
[0.227s] DEBUG:colcon.colcon_core.verb:Building package 'altair_robot' with the following arguments: {'ament_cmake_args': None, 'build_base': '/home/altair/rplidarA1/build/altair_robot', 'catkin_cmake_args': None, 'catkin_skip_building_tests': False, 'cmake_args': None, 'cmake_clean_cache': False, 'cmake_clean_first': False, 'cmake_force_configure': False, 'cmake_target': None, 'cmake_target_skip_unavailable': False, 'install_base': '/home/altair/rplidarA1/install/altair_robot', 'merge_install': False, 'path': '/home/altair/rplidarA1/ros2_ws/src/altair_robot', 'symlink_install': True, 'test_result_base': None}
[0.227s] Level 5:colcon.colcon_core.verb:set package 'lidar_processing' build argument 'cmake_args' from command line to 'None'
[0.227s] Level 5:colcon.colcon_core.verb:set package 'lidar_processing' build argument 'cmake_target' from command line to 'None'
[0.227s] Level 5:colcon.colcon_core.verb:set package 'lidar_processing' build argument 'cmake_target_skip_unavailable' from command line to 'False'
[0.227s] Level 5:colcon.colcon_core.verb:set package 'lidar_processing' build argument 'cmake_clean_cache' from command line to 'False'
[0.227s] Level 5:colcon.colcon_core.verb:set package 'lidar_processing' build argument 'cmake_clean_first' from command line to 'False'
[0.227s] Level 5:colcon.colcon_core.verb:set package 'lidar_processing' build argument 'cmake_force_configure' from command line to 'False'
[0.227s] Level 5:colcon.colcon_core.verb:set package 'lidar_processing' build argument 'ament_cmake_args' from command line to 'None'
[0.227s] Level 5:colcon.colcon_core.verb:set package 'lidar_processing' build argument 'catkin_cmake_args' from command line to 'None'
[0.227s] Level 5:colcon.colcon_core.verb:set package 'lidar_processing' build argument 'catkin_skip_building_tests' from command line to 'False'
[0.227s] DEBUG:colcon.colcon_core.verb:Building package 'lidar_processing' with the following arguments: {'ament_cmake_args': None, 'build_base': '/home/altair/rplidarA1/build/lidar_processing', 'catkin_cmake_args': None, 'catkin_skip_building_tests': False, 'cmake_args': None, 'cmake_clean_cache': False, 'cmake_clean_first': False, 'cmake_force_configure': False, 'cmake_target': None, 'cmake_target_skip_unavailable': False, 'install_base': '/home/altair/rplidarA1/install/lidar_processing', 'merge_install': False, 'path': '/home/altair/rplidarA1/ros2_ws/src/lidar_processing', 'symlink_install': True, 'test_result_base': None}
[0.228s] Level 5:colcon.colcon_core.verb:set package 'sllidar_ros2' build argument 'cmake_args' from command line to 'None'
[0.228s] Level 5:colcon.colcon_core.verb:set package 'sllidar_ros2' build argument 'cmake_target' from command line to 'None'
[0.228s] Level 5:colcon.colcon_core.verb:set package 'sllidar_ros2' build argument 'cmake_target_skip_unavailable' from command line to 'False'
[0.228s] Level 5:colcon.colcon_core.verb:set package 'sllidar_ros2' build argument 'cmake_clean_cache' from command line to 'False'
[0.228s] Level 5:colcon.colcon_core.verb:set package 'sllidar_ros2' build argument 'cmake_clean_first' from command line to 'False'
[0.228s] Level 5:colcon.colcon_core.verb:set package 'sllidar_ros2' build argument 'cmake_force_configure' from command line to 'False'
[0.228s] Level 5:colcon.colcon_core.verb:set package 'sllidar_ros2' build argument 'ament_cmake_args' from command line to 'None'
[0.228s] Level 5:colcon.colcon_core.verb:set package 'sllidar_ros2' build argument 'catkin_cmake_args' from command line to 'None'
[0.228s] Level 5:colcon.colcon_core.verb:set package 'sllidar_ros2' build argument 'catkin_skip_building_tests' from command line to 'False'
[0.228s] DEBUG:colcon.colcon_core.verb:Building package 'sllidar_ros2' with the following arguments: {'ament_cmake_args': None, 'build_base': '/home/altair/rplidarA1/build/sllidar_ros2', 'catkin_cmake_args': None, 'catkin_skip_building_tests': False, 'cmake_args': None, 'cmake_clean_cache': False, 'cmake_clean_first': False, 'cmake_force_configure': False, 'cmake_target': None, 'cmake_target_skip_unavailable': False, 'install_base': '/home/altair/rplidarA1/install/sllidar_ros2', 'merge_install': False, 'path': '/home/altair/rplidarA1/ros2_ws/src/sllidar_ros2', 'symlink_install': True, 'test_result_base': None}
[0.228s] INFO:colcon.colcon_core.executor:Executing jobs using 'parallel' executor
[0.229s] DEBUG:colcon.colcon_parallel_executor.executor.parallel:run_until_complete
[0.229s] INFO:colcon.colcon_ros.task.ament_python.build:Building ROS package in '/home/altair/rplidarA1/ros2_ws/src/altair_robot' with build type 'ament_python'
[0.229s] Level 1:colcon.colcon_core.shell:create_environment_hook('altair_robot', 'ament_prefix_path')
[0.231s] INFO:colcon.colcon_core.plugin_system:Skipping extension 'colcon_core.shell.bat': Not used on non-Windows systems
[0.231s] INFO:colcon.colcon_core.shell:Creating environment hook '/home/altair/rplidarA1/install/altair_robot/share/altair_robot/hook/ament_prefix_path.ps1'
[0.232s] INFO:colcon.colcon_core.shell:Creating environment descriptor '/home/altair/rplidarA1/install/altair_robot/share/altair_robot/hook/ament_prefix_path.dsv'
[0.232s] INFO:colcon.colcon_core.shell:Creating environment hook '/home/altair/rplidarA1/install/altair_robot/share/altair_robot/hook/ament_prefix_path.sh'
[0.233s] INFO:colcon.colcon_core.shell:Skip shell extension 'powershell' for command environment: Not usable outside of PowerShell
[0.233s] DEBUG:colcon.colcon_core.shell:Skip shell extension 'dsv' for command environment
[0.236s] INFO:colcon.colcon_ros.task.ament_python.build:Building ROS package in '/home/altair/rplidarA1/ros2_ws/src/lidar_processing' with build type 'ament_python'
[0.237s] Level 1:colcon.colcon_core.shell:create_environment_hook('lidar_processing', 'ament_prefix_path')
[0.237s] INFO:colcon.colcon_core.shell:Creating environment hook '/home/altair/rplidarA1/install/lidar_processing/share/lidar_processing/hook/ament_prefix_path.ps1'
[0.238s] INFO:colcon.colcon_core.shell:Creating environment descriptor '/home/altair/rplidarA1/install/lidar_processing/share/lidar_processing/hook/ament_prefix_path.dsv'
[0.238s] INFO:colcon.colcon_core.shell:Creating environment hook '/home/altair/rplidarA1/install/lidar_processing/share/lidar_processing/hook/ament_prefix_path.sh'
[0.239s] INFO:colcon.colcon_core.shell:Skip shell extension 'powershell' for command environment: Not usable outside of PowerShell
[0.239s] DEBUG:colcon.colcon_core.shell:Skip shell extension 'dsv' for command environment
[0.241s] INFO:colcon.colcon_ros.task.ament_cmake.build:Building ROS package in '/home/altair/rplidarA1/ros2_ws/src/sllidar_ros2' with build type 'ament_cmake'
[0.241s] INFO:colcon.colcon_cmake.task.cmake.build:Building CMake package in '/home/altair/rplidarA1/ros2_ws/src/sllidar_ros2'
[0.242s] INFO:colcon.colcon_core.shell:Skip shell extension 'powershell' for command environment: Not usable outside of PowerShell
[0.242s] DEBUG:colcon.colcon_core.shell:Skip shell extension 'dsv' for command environment
[0.582s] INFO:colcon.colcon_core.task.python.build:Building Python package in '/home/altair/rplidarA1/ros2_ws/src/altair_robot'
[0.582s] INFO:colcon.colcon_core.shell:Skip shell extension 'powershell' for command environment: Not usable outside of PowerShell
[0.582s] DEBUG:colcon.colcon_core.shell:Skip shell extension 'dsv' for command environment
[0.938s] INFO:colcon.colcon_core.task.python.build:Building Python package in '/home/altair/rplidarA1/ros2_ws/src/lidar_processing'
[0.938s] INFO:colcon.colcon_core.shell:Skip shell extension 'powershell' for command environment: Not usable outside of PowerShell
[0.938s] DEBUG:colcon.colcon_core.shell:Skip shell extension 'dsv' for command environment
[0.945s] DEBUG:colcon.colcon_core.event_handler.log_command:Invoking command in '/home/altair/rplidarA1/build/sllidar_ros2': CMAKE_PREFIX_PATH=${CMAKE_PREFIX_PATH}:/home/altair/rplidarA1/ros2_ws/install/lidar_processing:/home/altair/rplidarA1/ros2_ws/install/altair_robot:/opt/ros/humble /usr/bin/cmake /home/altair/rplidarA1/ros2_ws/src/sllidar_ros2 -DAMENT_CMAKE_SYMLINK_INSTALL=1 -DCMAKE_INSTALL_PREFIX=/home/altair/rplidarA1/install/sllidar_ros2
[1.736s] DEBUG:colcon.colcon_core.event_handler.log_command:Invoking command in '/home/altair/rplidarA1/build/lidar_processing': PYTHONPATH=/home/altair/rplidarA1/build/lidar_processing/prefix_override:/usr/lib/python3/dist-packages/colcon_core/task/python/colcon_distutils_commands:/home/altair/rplidarA1/install/lidar_processing/lib/python3.10/site-packages:${PYTHONPATH} /usr/bin/python3 -W ignore:setup.py install is deprecated -W ignore:easy_install command is deprecated setup.py develop --editable --build-directory /home/altair/rplidarA1/build/lidar_processing/build --no-deps symlink_data
[1.740s] DEBUG:colcon.colcon_core.event_handler.log_command:Invoking command in '/home/altair/rplidarA1/build/altair_robot': PYTHONPATH=/home/altair/rplidarA1/build/altair_robot/prefix_override:/usr/lib/python3/dist-packages/colcon_core/task/python/colcon_distutils_commands:/home/altair/rplidarA1/install/altair_robot/lib/python3.10/site-packages:${PYTHONPATH} /usr/bin/python3 -W ignore:setup.py install is deprecated -W ignore:easy_install command is deprecated setup.py develop --editable --build-directory /home/altair/rplidarA1/build/altair_robot/build --no-deps symlink_data
[2.519s] DEBUG:colcon.colcon_core.event_handler.log_command:Invoked command in '/home/altair/rplidarA1/build/sllidar_ros2' returned '0': CMAKE_PREFIX_PATH=${CMAKE_PREFIX_PATH}:/home/altair/rplidarA1/ros2_ws/install/lidar_processing:/home/altair/rplidarA1/ros2_ws/install/altair_robot:/opt/ros/humble /usr/bin/cmake /home/altair/rplidarA1/ros2_ws/src/sllidar_ros2 -DAMENT_CMAKE_SYMLINK_INSTALL=1 -DCMAKE_INSTALL_PREFIX=/home/altair/rplidarA1/install/sllidar_ros2
[2.521s] DEBUG:colcon.colcon_core.event_handler.log_command:Invoking command in '/home/altair/rplidarA1/build/sllidar_ros2': CMAKE_PREFIX_PATH=${CMAKE_PREFIX_PATH}:/home/altair/rplidarA1/ros2_ws/install/lidar_processing:/home/altair/rplidarA1/ros2_ws/install/altair_robot:/opt/ros/humble /usr/bin/cmake --build /home/altair/rplidarA1/build/sllidar_ros2 -- -j16 -l16
[3.004s] Level 1:colcon.colcon_core.shell:create_environment_hook('lidar_processing', 'pythonpath_develop')
[3.005s] INFO:colcon.colcon_core.shell:Creating environment hook '/home/altair/rplidarA1/build/lidar_processing/share/lidar_processing/hook/pythonpath_develop.ps1'
[3.006s] INFO:colcon.colcon_core.shell:Creating environment descriptor '/home/altair/rplidarA1/build/lidar_processing/share/lidar_processing/hook/pythonpath_develop.dsv'
[3.010s] DEBUG:colcon.colcon_core.event_handler.log_command:Invoked command in '/home/altair/rplidarA1/build/lidar_processing' returned '0': PYTHONPATH=/home/altair/rplidarA1/build/lidar_processing/prefix_override:/usr/lib/python3/dist-packages/colcon_core/task/python/colcon_distutils_commands:/home/altair/rplidarA1/install/lidar_processing/lib/python3.10/site-packages:${PYTHONPATH} /usr/bin/python3 -W ignore:setup.py install is deprecated -W ignore:easy_install command is deprecated setup.py develop --editable --build-directory /home/altair/rplidarA1/build/lidar_processing/build --no-deps symlink_data
[3.011s] INFO:colcon.colcon_core.shell:Creating environment hook '/home/altair/rplidarA1/build/lidar_processing/share/lidar_processing/hook/pythonpath_develop.sh'
[3.020s] Level 1:colcon.colcon_core.environment:checking '/home/altair/rplidarA1/install/lidar_processing' for CMake module files
[3.026s] Level 1:colcon.colcon_core.environment:checking '/home/altair/rplidarA1/install/lidar_processing' for CMake config files
[3.028s] Level 1:colcon.colcon_core.environment:checking '/home/altair/rplidarA1/install/lidar_processing/lib'
[3.029s] Level 1:colcon.colcon_core.environment:checking '/home/altair/rplidarA1/install/lidar_processing/bin'
[3.029s] Level 1:colcon.colcon_core.environment:checking '/home/altair/rplidarA1/install/lidar_processing/lib/pkgconfig/lidar_processing.pc'
[3.033s] Level 1:colcon.colcon_core.environment:checking '/home/altair/rplidarA1/install/lidar_processing/lib/python3.10/site-packages'
[3.033s] Level 1:colcon.colcon_core.shell:create_environment_hook('lidar_processing', 'pythonpath')
[3.034s] INFO:colcon.colcon_core.shell:Creating environment hook '/home/altair/rplidarA1/install/lidar_processing/share/lidar_processing/hook/pythonpath.ps1'
[3.035s] INFO:colcon.colcon_core.shell:Creating environment descriptor '/home/altair/rplidarA1/install/lidar_processing/share/lidar_processing/hook/pythonpath.dsv'
[3.036s] INFO:colcon.colcon_core.shell:Creating environment hook '/home/altair/rplidarA1/install/lidar_processing/share/lidar_processing/hook/pythonpath.sh'
[3.040s] Level 1:colcon.colcon_core.environment:checking '/home/altair/rplidarA1/install/lidar_processing/bin'
[3.040s] Level 1:colcon.colcon_core.environment:create_environment_scripts_only(lidar_processing)
[3.041s] INFO:colcon.colcon_core.shell:Creating package script '/home/altair/rplidarA1/install/lidar_processing/share/lidar_processing/package.ps1'
[3.046s] INFO:colcon.colcon_core.shell:Creating package descriptor '/home/altair/rplidarA1/install/lidar_processing/share/lidar_processing/package.dsv'
[3.047s] INFO:colcon.colcon_core.shell:Creating package script '/home/altair/rplidarA1/install/lidar_processing/share/lidar_processing/package.sh'
[3.054s] INFO:colcon.colcon_core.shell:Creating package script '/home/altair/rplidarA1/install/lidar_processing/share/lidar_processing/package.bash'
[3.059s] INFO:colcon.colcon_core.shell:Creating package script '/home/altair/rplidarA1/install/lidar_processing/share/lidar_processing/package.zsh'
[3.060s] Level 1:colcon.colcon_core.environment:create_file_with_runtime_dependencies(/home/altair/rplidarA1/install/lidar_processing/share/colcon-core/packages/lidar_processing)
[3.069s] Level 1:colcon.colcon_core.shell:create_environment_hook('altair_robot', 'pythonpath_develop')
[3.070s] INFO:colcon.colcon_core.shell:Creating environment hook '/home/altair/rplidarA1/build/altair_robot/share/altair_robot/hook/pythonpath_develop.ps1'
[3.070s] DEBUG:colcon.colcon_core.event_handler.log_command:Invoked command in '/home/altair/rplidarA1/build/altair_robot' returned '0': PYTHONPATH=/home/altair/rplidarA1/build/altair_robot/prefix_override:/usr/lib/python3/dist-packages/colcon_core/task/python/colcon_distutils_commands:/home/altair/rplidarA1/install/altair_robot/lib/python3.10/site-packages:${PYTHONPATH} /usr/bin/python3 -W ignore:setup.py install is deprecated -W ignore:easy_install command is deprecated setup.py develop --editable --build-directory /home/altair/rplidarA1/build/altair_robot/build --no-deps symlink_data
[3.074s] INFO:colcon.colcon_core.shell:Creating environment descriptor '/home/altair/rplidarA1/build/altair_robot/share/altair_robot/hook/pythonpath_develop.dsv'
[3.078s] INFO:colcon.colcon_core.shell:Creating environment hook '/home/altair/rplidarA1/build/altair_robot/share/altair_robot/hook/pythonpath_develop.sh'
[3.080s] Level 1:colcon.colcon_core.environment:checking '/home/altair/rplidarA1/install/altair_robot' for CMake module files
[3.082s] Level 1:colcon.colcon_core.environment:checking '/home/altair/rplidarA1/install/altair_robot' for CMake config files
[3.083s] Level 1:colcon.colcon_core.environment:checking '/home/altair/rplidarA1/install/altair_robot/lib'
[3.084s] Level 1:colcon.colcon_core.environment:checking '/home/altair/rplidarA1/install/altair_robot/bin'
[3.084s] Level 1:colcon.colcon_core.environment:checking '/home/altair/rplidarA1/install/altair_robot/lib/pkgconfig/altair_robot.pc'
[3.085s] Level 1:colcon.colcon_core.environment:checking '/home/altair/rplidarA1/install/altair_robot/lib/python3.10/site-packages'
[3.085s] Level 1:colcon.colcon_core.shell:create_environment_hook('altair_robot', 'pythonpath')
[3.085s] INFO:colcon.colcon_core.shell:Creating environment hook '/home/altair/rplidarA1/install/altair_robot/share/altair_robot/hook/pythonpath.ps1'
[3.090s] INFO:colcon.colcon_core.shell:Creating environment descriptor '/home/altair/rplidarA1/install/altair_robot/share/altair_robot/hook/pythonpath.dsv'
[3.091s] INFO:colcon.colcon_core.shell:Creating environment hook '/home/altair/rplidarA1/install/altair_robot/share/altair_robot/hook/pythonpath.sh'
[3.093s] Level 1:colcon.colcon_core.environment:checking '/home/altair/rplidarA1/install/altair_robot/bin'
[3.095s] Level 1:colcon.colcon_core.environment:create_environment_scripts_only(altair_robot)
[3.097s] INFO:colcon.colcon_core.shell:Creating package script '/home/altair/rplidarA1/install/altair_robot/share/altair_robot/package.ps1'
[3.099s] INFO:colcon.colcon_core.shell:Creating package descriptor '/home/altair/rplidarA1/install/altair_robot/share/altair_robot/package.dsv'
[3.102s] INFO:colcon.colcon_core.shell:Creating package script '/home/altair/rplidarA1/install/altair_robot/share/altair_robot/package.sh'
[3.103s] INFO:colcon.colcon_core.shell:Creating package script '/home/altair/rplidarA1/install/altair_robot/share/altair_robot/package.bash'
[3.108s] INFO:colcon.colcon_core.shell:Creating package script '/home/altair/rplidarA1/install/altair_robot/share/altair_robot/package.zsh'
[3.109s] Level 1:colcon.colcon_core.environment:create_file_with_runtime_dependencies(/home/altair/rplidarA1/install/altair_robot/share/colcon-core/packages/altair_robot)
[10.922s] DEBUG:colcon.colcon_core.event_handler.log_command:Invoked command in '/home/altair/rplidarA1/build/sllidar_ros2' returned '0': CMAKE_PREFIX_PATH=${CMAKE_PREFIX_PATH}:/home/altair/rplidarA1/ros2_ws/install/lidar_processing:/home/altair/rplidarA1/ros2_ws/install/altair_robot:/opt/ros/humble /usr/bin/cmake --build /home/altair/rplidarA1/build/sllidar_ros2 -- -j16 -l16
[10.928s] DEBUG:colcon.colcon_core.event_handler.log_command:Invoking command in '/home/altair/rplidarA1/build/sllidar_ros2': CMAKE_PREFIX_PATH=${CMAKE_PREFIX_PATH}:/home/altair/rplidarA1/ros2_ws/install/lidar_processing:/home/altair/rplidarA1/ros2_ws/install/altair_robot:/opt/ros/humble /usr/bin/cmake --install /home/altair/rplidarA1/build/sllidar_ros2
[11.126s] Level 1:colcon.colcon_core.environment:create_environment_scripts_only(sllidar_ros2)
[11.127s] Level 1:colcon.colcon_core.environment:checking '/home/altair/rplidarA1/install/sllidar_ros2' for CMake module files
[11.127s] DEBUG:colcon.colcon_core.event_handler.log_command:Invoked command in '/home/altair/rplidarA1/build/sllidar_ros2' returned '0': CMAKE_PREFIX_PATH=${CMAKE_PREFIX_PATH}:/home/altair/rplidarA1/ros2_ws/install/lidar_processing:/home/altair/rplidarA1/ros2_ws/install/altair_robot:/opt/ros/humble /usr/bin/cmake --install /home/altair/rplidarA1/build/sllidar_ros2
[11.128s] Level 1:colcon.colcon_core.environment:checking '/home/altair/rplidarA1/install/sllidar_ros2' for CMake config files
[11.128s] Level 1:colcon.colcon_core.shell:create_environment_hook('sllidar_ros2', 'cmake_prefix_path')
[11.128s] INFO:colcon.colcon_core.shell:Creating environment hook '/home/altair/rplidarA1/install/sllidar_ros2/share/sllidar_ros2/hook/cmake_prefix_path.ps1'
[11.128s] INFO:colcon.colcon_core.shell:Creating environment descriptor '/home/altair/rplidarA1/install/sllidar_ros2/share/sllidar_ros2/hook/cmake_prefix_path.dsv'
[11.129s] INFO:colcon.colcon_core.shell:Creating environment hook '/home/altair/rplidarA1/install/sllidar_ros2/share/sllidar_ros2/hook/cmake_prefix_path.sh'
[11.129s] Level 1:colcon.colcon_core.environment:checking '/home/altair/rplidarA1/install/sllidar_ros2/lib'
[11.129s] Level 1:colcon.colcon_core.environment:checking '/home/altair/rplidarA1/install/sllidar_ros2/bin'
[11.129s] Level 1:colcon.colcon_core.environment:checking '/home/altair/rplidarA1/install/sllidar_ros2/lib/pkgconfig/sllidar_ros2.pc'
[11.129s] Level 1:colcon.colcon_core.environment:checking '/home/altair/rplidarA1/install/sllidar_ros2/lib/python3.10/site-packages'
[11.130s] Level 1:colcon.colcon_core.environment:checking '/home/altair/rplidarA1/install/sllidar_ros2/bin'
[11.130s] INFO:colcon.colcon_core.shell:Creating package script '/home/altair/rplidarA1/install/sllidar_ros2/share/sllidar_ros2/package.ps1'
[11.130s] INFO:colcon.colcon_core.shell:Creating package descriptor '/home/altair/rplidarA1/install/sllidar_ros2/share/sllidar_ros2/package.dsv'
[11.130s] INFO:colcon.colcon_core.shell:Creating package script '/home/altair/rplidarA1/install/sllidar_ros2/share/sllidar_ros2/package.sh'
[11.131s] INFO:colcon.colcon_core.shell:Creating package script '/home/altair/rplidarA1/install/sllidar_ros2/share/sllidar_ros2/package.bash'
[11.131s] INFO:colcon.colcon_core.shell:Creating package script '/home/altair/rplidarA1/install/sllidar_ros2/share/sllidar_ros2/package.zsh'
[11.131s] Level 1:colcon.colcon_core.environment:create_file_with_runtime_dependencies(/home/altair/rplidarA1/install/sllidar_ros2/share/colcon-core/packages/sllidar_ros2)
[11.132s] Level 1:colcon.colcon_core.environment:create_environment_scripts_only(sllidar_ros2)
[11.132s] Level 1:colcon.colcon_core.environment:checking '/home/altair/rplidarA1/install/sllidar_ros2' for CMake module files
[11.132s] Level 1:colcon.colcon_core.environment:checking '/home/altair/rplidarA1/install/sllidar_ros2' for CMake config files
[11.132s] Level 1:colcon.colcon_core.shell:create_environment_hook('sllidar_ros2', 'cmake_prefix_path')
[11.133s] INFO:colcon.colcon_core.shell:Creating environment hook '/home/altair/rplidarA1/install/sllidar_ros2/share/sllidar_ros2/hook/cmake_prefix_path.ps1'
[11.133s] INFO:colcon.colcon_core.shell:Creating environment descriptor '/home/altair/rplidarA1/install/sllidar_ros2/share/sllidar_ros2/hook/cmake_prefix_path.dsv'
[11.133s] INFO:colcon.colcon_core.shell:Creating environment hook '/home/altair/rplidarA1/install/sllidar_ros2/share/sllidar_ros2/hook/cmake_prefix_path.sh'
[11.134s] Level 1:colcon.colcon_core.environment:checking '/home/altair/rplidarA1/install/sllidar_ros2/lib'
[11.134s] Level 1:colcon.colcon_core.environment:checking '/home/altair/rplidarA1/install/sllidar_ros2/bin'
[11.134s] Level 1:colcon.colcon_core.environment:checking '/home/altair/rplidarA1/install/sllidar_ros2/lib/pkgconfig/sllidar_ros2.pc'
[11.134s] Level 1:colcon.colcon_core.environment:checking '/home/altair/rplidarA1/install/sllidar_ros2/lib/python3.10/site-packages'
[11.134s] Level 1:colcon.colcon_core.environment:checking '/home/altair/rplidarA1/install/sllidar_ros2/bin'
[11.134s] INFO:colcon.colcon_core.shell:Creating package script '/home/altair/rplidarA1/install/sllidar_ros2/share/sllidar_ros2/package.ps1'
[11.135s] INFO:colcon.colcon_core.shell:Creating package descriptor '/home/altair/rplidarA1/install/sllidar_ros2/share/sllidar_ros2/package.dsv'
[11.135s] INFO:colcon.colcon_core.shell:Creating package script '/home/altair/rplidarA1/install/sllidar_ros2/share/sllidar_ros2/package.sh'
[11.135s] INFO:colcon.colcon_core.shell:Creating package script '/home/altair/rplidarA1/install/sllidar_ros2/share/sllidar_ros2/package.bash'
[11.136s] INFO:colcon.colcon_core.shell:Creating package script '/home/altair/rplidarA1/install/sllidar_ros2/share/sllidar_ros2/package.zsh'
[11.136s] Level 1:colcon.colcon_core.environment:create_file_with_runtime_dependencies(/home/altair/rplidarA1/install/sllidar_ros2/share/colcon-core/packages/sllidar_ros2)
[11.136s] DEBUG:colcon.colcon_parallel_executor.executor.parallel:closing loop
[11.137s] DEBUG:colcon.colcon_parallel_executor.executor.parallel:loop closed
[11.137s] DEBUG:colcon.colcon_parallel_executor.executor.parallel:run_until_complete finished with '0'
[11.137s] DEBUG:colcon.colcon_core.event_reactor:joining thread
[11.143s] INFO:colcon.colcon_core.plugin_system:Skipping extension 'colcon_notification.desktop_notification.terminal_notifier': Not used on non-Darwin systems
[11.143s] INFO:colcon.colcon_core.plugin_system:Skipping extension 'colcon_notification.desktop_notification.win32': Not used on non-Windows systems
[11.144s] INFO:colcon.colcon_notification.desktop_notification:Sending desktop notification using 'notify2'
[11.152s] DEBUG:colcon.colcon_core.event_reactor:joined thread
[11.153s] INFO:colcon.colcon_core.shell:Creating prefix script '/home/altair/rplidarA1/install/local_setup.ps1'
[11.154s] INFO:colcon.colcon_core.shell:Creating prefix util module '/home/altair/rplidarA1/install/_local_setup_util_ps1.py'
[11.156s] INFO:colcon.colcon_core.shell:Creating prefix chain script '/home/altair/rplidarA1/install/setup.ps1'
[11.157s] INFO:colcon.colcon_core.shell:Creating prefix script '/home/altair/rplidarA1/install/local_setup.sh'
[11.157s] INFO:colcon.colcon_core.shell:Creating prefix util module '/home/altair/rplidarA1/install/_local_setup_util_sh.py'
[11.158s] INFO:colcon.colcon_core.shell:Creating prefix chain script '/home/altair/rplidarA1/install/setup.sh'
[11.159s] INFO:colcon.colcon_core.shell:Creating prefix script '/home/altair/rplidarA1/install/local_setup.bash'
[11.159s] INFO:colcon.colcon_core.shell:Creating prefix chain script '/home/altair/rplidarA1/install/setup.bash'
[11.160s] INFO:colcon.colcon_core.shell:Creating prefix script '/home/altair/rplidarA1/install/local_setup.zsh'
[11.160s] INFO:colcon.colcon_core.shell:Creating prefix chain script '/home/altair/rplidarA1/install/setup.zsh'
