running develop
running egg_info
creating lidar_processing.egg-info
writing lidar_processing.egg-info/PKG-INFO
writing dependency_links to lidar_processing.egg-info/dependency_links.txt
writing entry points to lidar_processing.egg-info/entry_points.txt
writing requirements to lidar_processing.egg-info/requires.txt
writing top-level names to lidar_processing.egg-info/top_level.txt
writing manifest file 'lidar_processing.egg-info/SOURCES.txt'
reading manifest file 'lidar_processing.egg-info/SOURCES.txt'
writing manifest file 'lidar_processing.egg-info/SOURCES.txt'
running build_ext
Creating /home/altair/rplidarA1/install/lidar_processing/lib/python3.10/site-packages/lidar-processing.egg-link (link to .)
Installing icp_slam_node script to /home/altair/rplidarA1/install/lidar_processing/lib/lidar_processing
Installing ransac_node script to /home/altair/rplidarA1/install/lidar_processing/lib/lidar_processing

Installed /home/altair/rplidarA1/build/lidar_processing
running symlink_data
creating /home/altair/rplidarA1/install/lidar_processing/share/ament_index/resource_index/packages
symbolically linking /home/altair/rplidarA1/build/lidar_processing/resource/lidar_processing -> /home/altair/rplidarA1/install/lidar_processing/share/ament_index/resource_index/packages
symbolically linking /home/altair/rplidarA1/build/lidar_processing/package.xml -> /home/altair/rplidarA1/install/lidar_processing/share/lidar_processing
creating /home/altair/rplidarA1/install/lidar_processing/share/lidar_processing/launch
symbolically linking /home/altair/rplidarA1/build/lidar_processing/launch/rplidar_slam_launch.py -> /home/altair/rplidarA1/install/lidar_processing/share/lidar_processing/launch
creating /home/altair/rplidarA1/install/lidar_processing/share/lidar_processing/config
symbolically linking /home/altair/rplidarA1/build/lidar_processing/config/slam_view.rviz -> /home/altair/rplidarA1/install/lidar_processing/share/lidar_processing/config
symbolically linking /home/altair/rplidarA1/build/lidar_processing/config/custom_mapper_params.yaml -> /home/altair/rplidarA1/install/lidar_processing/share/lidar_processing/config
symbolically linking /home/altair/rplidarA1/build/lidar_processing/config/lidar_only_2d.lua -> /home/altair/rplidarA1/install/lidar_processing/share/lidar_processing/config
